2025-05-03 22:28:54,346 - INFO - ====== WebDriver manager ======
2025-05-03 22:28:57,132 - INFO - Get LATEST chromedriver version for google-chrome
2025-05-03 22:28:57,365 - INFO - Get LATEST chromedriver version for google-chrome
2025-05-03 22:28:57,532 - INFO - Driver [C:\Users\mohammad\.wdm\drivers\chromedriver\win64\123.0.6312.122\chromedriver-win32/chromedriver.exe] found in cache
2025-05-03 22:29:00,184 - INFO - Starting chunk from page 3 to 102
2025-05-03 22:29:00,184 - INFO - Scraping page 3...
2025-05-03 22:29:10,885 - INFO - Successfully added page 3
2025-05-03 22:29:11,886 - INFO - Scraping page 4...
2025-05-03 22:29:14,521 - INFO - Successfully added page 4
2025-05-03 22:29:15,522 - INFO - Scraping page 5...
2025-05-03 22:29:17,223 - INFO - Successfully added page 5
2025-05-03 22:29:18,228 - INFO - Scraping page 6...
2025-05-03 22:29:19,763 - INFO - Successfully added page 6
2025-05-03 22:29:20,770 - INFO - Scraping page 7...
2025-05-03 22:29:22,559 - INFO - Successfully added page 7
2025-05-03 22:29:23,562 - INFO - Scraping page 8...
2025-05-03 22:29:25,511 - INFO - Successfully added page 8
2025-05-03 22:29:26,526 - INFO - Scraping page 9...
2025-05-03 22:29:36,586 - INFO - Successfully added page 9
2025-05-03 22:29:37,592 - INFO - Scraping page 10...
2025-05-03 22:29:39,246 - INFO - Successfully added page 10
2025-05-03 22:29:40,256 - INFO - Scraping page 11...
2025-05-03 22:29:42,005 - INFO - Successfully added page 11
2025-05-03 22:29:43,011 - INFO - Scraping page 12...
2025-05-03 22:29:44,794 - INFO - Successfully added page 12
2025-05-03 22:29:45,807 - INFO - Scraping page 13...
2025-05-03 22:29:47,954 - INFO - Successfully added page 13
2025-05-03 22:29:48,968 - INFO - Scraping page 14...
2025-05-03 22:29:51,226 - INFO - Successfully added page 14
2025-05-03 22:29:52,240 - INFO - Scraping page 15...
2025-05-03 22:29:56,155 - INFO - Successfully added page 15
2025-05-03 22:29:57,160 - INFO - Scraping page 16...
2025-05-03 22:29:59,891 - INFO - Successfully added page 16
2025-05-03 22:30:00,905 - INFO - Scraping page 17...
2025-05-03 22:30:03,668 - INFO - Successfully added page 17
2025-05-03 22:30:04,680 - INFO - Scraping page 18...
2025-05-03 22:30:08,278 - INFO - Successfully added page 18
2025-05-03 22:30:09,291 - INFO - Scraping page 19...
2025-05-03 22:30:11,428 - INFO - Successfully added page 19
2025-05-03 22:30:12,433 - INFO - Scraping page 20...
2025-05-03 22:30:15,464 - INFO - Successfully added page 20
2025-05-03 22:30:16,469 - INFO - Scraping page 21...
2025-05-03 22:30:18,297 - INFO - Successfully added page 21
2025-05-03 22:30:19,307 - INFO - Scraping page 22...
2025-05-03 22:30:29,097 - INFO - Successfully added page 22
2025-05-03 22:30:30,102 - INFO - Scraping page 23...
2025-05-03 22:30:31,592 - INFO - Successfully added page 23
2025-05-03 22:30:32,602 - INFO - Scraping page 24...
2025-05-03 22:30:34,232 - INFO - Successfully added page 24
2025-05-03 22:30:35,235 - INFO - Scraping page 25...
2025-05-03 22:30:36,726 - INFO - Successfully added page 25
2025-05-03 22:30:37,727 - INFO - Scraping page 26...
2025-05-03 22:30:40,054 - INFO - Successfully added page 26
2025-05-03 22:30:41,061 - INFO - Scraping page 27...
2025-05-03 22:30:43,313 - INFO - Successfully added page 27
2025-05-03 22:30:44,323 - INFO - Scraping page 28...
2025-05-03 22:31:01,303 - INFO - Successfully added page 28
2025-05-03 22:31:02,304 - INFO - Scraping page 29...
2025-05-03 22:31:04,859 - INFO - Successfully added page 29
2025-05-03 22:31:05,876 - INFO - Scraping page 30...
2025-05-03 22:31:07,973 - INFO - Successfully added page 30
2025-05-03 22:31:08,983 - INFO - Scraping page 31...
2025-05-03 22:31:11,162 - INFO - Successfully added page 31
2025-05-03 22:31:12,167 - INFO - Scraping page 32...
2025-05-03 22:31:15,263 - INFO - Successfully added page 32
2025-05-03 22:31:16,277 - INFO - Scraping page 33...
2025-05-03 22:31:18,865 - INFO - Successfully added page 33
2025-05-03 22:31:19,873 - INFO - Scraping page 34...
2025-05-03 22:31:21,540 - INFO - Successfully added page 34
2025-05-03 22:31:22,548 - INFO - Scraping page 35...
2025-05-03 22:31:24,318 - INFO - Successfully added page 35
2025-05-03 22:31:25,320 - INFO - Scraping page 36...
2025-05-03 22:31:26,898 - INFO - Successfully added page 36
2025-05-03 22:31:27,909 - INFO - Scraping page 37...
2025-05-03 22:31:29,361 - INFO - Successfully added page 37
2025-05-03 22:31:30,371 - INFO - Scraping page 38...
2025-05-03 22:31:32,087 - INFO - Successfully added page 38
2025-05-03 22:31:33,101 - INFO - Scraping page 39...
2025-05-03 22:31:34,832 - INFO - Successfully added page 39
2025-05-03 22:31:35,839 - INFO - Scraping page 40...
2025-05-03 22:31:37,553 - INFO - Successfully added page 40
2025-05-03 22:31:38,567 - INFO - Scraping page 41...
2025-05-03 22:31:40,110 - INFO - Successfully added page 41
2025-05-03 22:31:41,116 - INFO - Scraping page 42...
2025-05-03 22:31:43,203 - INFO - Successfully added page 42
2025-05-03 22:31:44,215 - INFO - Scraping page 43...
2025-05-03 22:31:46,026 - INFO - Successfully added page 43
2025-05-03 22:31:47,038 - INFO - Scraping page 44...
2025-05-03 22:31:48,907 - INFO - Successfully added page 44
2025-05-03 22:31:49,920 - INFO - Scraping page 45...
2025-05-03 22:31:51,584 - INFO - Successfully added page 45
2025-05-03 22:31:52,589 - INFO - Scraping page 46...
2025-05-03 22:31:54,099 - INFO - Successfully added page 46
2025-05-03 22:31:55,104 - INFO - Scraping page 47...
2025-05-03 22:31:57,021 - INFO - Successfully added page 47
2025-05-03 22:31:58,035 - INFO - Scraping page 48...
2025-05-03 22:31:59,965 - INFO - Successfully added page 48
2025-05-03 22:32:00,968 - INFO - Scraping page 49...
2025-05-03 22:32:03,475 - INFO - Successfully added page 49
2025-05-03 22:32:04,490 - INFO - Scraping page 50...
2025-05-03 22:32:06,636 - INFO - Successfully added page 50
2025-05-03 22:32:07,642 - INFO - Scraping page 51...
2025-05-03 22:32:10,146 - INFO - Successfully added page 51
2025-05-03 22:32:11,158 - INFO - Scraping page 52...
2025-05-03 22:32:26,904 - INFO - Successfully added page 52
2025-05-03 22:32:27,913 - INFO - Scraping page 53...
2025-05-03 22:32:29,968 - INFO - Successfully added page 53
2025-05-03 22:32:30,969 - INFO - Scraping page 54...
2025-05-03 22:32:32,654 - INFO - Successfully added page 54
2025-05-03 22:32:33,656 - INFO - Scraping page 55...
2025-05-03 22:32:35,318 - INFO - Successfully added page 55
2025-05-03 22:32:36,320 - INFO - Scraping page 56...
2025-05-03 22:32:38,542 - INFO - Successfully added page 56
2025-05-03 22:32:39,550 - INFO - Scraping page 57...
2025-05-03 22:32:41,527 - INFO - Successfully added page 57
2025-05-03 22:32:42,541 - INFO - Scraping page 58...
2025-05-03 22:32:44,851 - INFO - Successfully added page 58
2025-05-03 22:32:45,864 - INFO - Scraping page 59...
2025-05-03 22:32:48,162 - INFO - Successfully added page 59
2025-05-03 22:32:49,171 - INFO - Scraping page 60...
2025-05-03 22:32:50,772 - INFO - Successfully added page 60
2025-05-03 22:32:51,785 - INFO - Scraping page 61...
2025-05-03 22:32:54,739 - INFO - Successfully added page 61
2025-05-03 22:32:55,746 - INFO - Scraping page 62...
2025-05-03 22:32:58,480 - INFO - Successfully added page 62
2025-05-03 22:32:59,488 - INFO - Scraping page 63...
2025-05-03 22:33:02,036 - INFO - Successfully added page 63
2025-05-03 22:33:03,044 - INFO - Scraping page 64...
2025-05-03 22:33:06,203 - INFO - Successfully added page 64
2025-05-03 22:33:07,208 - INFO - Scraping page 65...
2025-05-03 22:33:09,984 - INFO - Successfully added page 65
2025-05-03 22:33:10,998 - INFO - Scraping page 66...
2025-05-03 22:33:14,150 - INFO - Successfully added page 66
2025-05-03 22:33:15,155 - INFO - Scraping page 67...
2025-05-03 22:33:17,888 - INFO - Successfully added page 67
2025-05-03 22:33:18,891 - INFO - Scraping page 68...
2025-05-03 22:33:22,994 - INFO - Successfully added page 68
2025-05-03 22:33:24,004 - INFO - Scraping page 69...
2025-05-03 22:33:27,160 - INFO - Successfully added page 69
2025-05-03 22:33:28,172 - INFO - Scraping page 70...
2025-05-03 22:33:31,384 - INFO - Successfully added page 70
2025-05-03 22:33:32,398 - INFO - Scraping page 71...
2025-05-03 22:33:34,727 - INFO - Successfully added page 71
2025-05-03 22:33:35,738 - INFO - Scraping page 72...
2025-05-03 22:33:37,878 - INFO - Successfully added page 72
2025-05-03 22:33:38,883 - INFO - Scraping page 73...
2025-05-03 22:33:41,195 - INFO - Successfully added page 73
2025-05-03 22:33:42,203 - INFO - Scraping page 74...
2025-05-03 22:33:44,562 - INFO - Successfully added page 74
2025-05-03 22:33:45,573 - INFO - Scraping page 75...
2025-05-03 22:33:48,005 - INFO - Successfully added page 75
2025-05-03 22:33:49,009 - INFO - Scraping page 76...
2025-05-03 22:33:51,059 - INFO - Successfully added page 76
2025-05-03 22:33:52,073 - INFO - Scraping page 77...
2025-05-03 22:33:54,425 - INFO - Successfully added page 77
2025-05-03 22:33:55,430 - INFO - Scraping page 78...
2025-05-03 22:33:57,379 - INFO - Successfully added page 78
2025-05-03 22:33:58,390 - INFO - Scraping page 79...
2025-05-03 22:34:00,221 - INFO - Successfully added page 79
2025-05-03 22:34:01,234 - INFO - Scraping page 80...
2025-05-03 22:34:03,234 - INFO - Successfully added page 80
2025-05-03 22:34:04,243 - INFO - Scraping page 81...
2025-05-03 22:34:06,327 - INFO - Successfully added page 81
2025-05-03 22:34:07,328 - INFO - Scraping page 82...
2025-05-03 22:34:10,374 - INFO - Successfully added page 82
2025-05-03 22:34:11,388 - INFO - Scraping page 83...
2025-05-03 22:34:15,348 - INFO - Successfully added page 83
2025-05-03 22:34:16,358 - INFO - Scraping page 84...
2025-05-03 22:34:19,508 - INFO - Successfully added page 84
2025-05-03 22:34:20,517 - INFO - Scraping page 85...
2025-05-03 22:34:23,350 - INFO - Successfully added page 85
2025-05-03 22:34:24,359 - INFO - Scraping page 86...
2025-05-03 22:34:27,136 - INFO - Successfully added page 86
2025-05-03 22:34:28,144 - INFO - Scraping page 87...
2025-05-03 22:34:30,684 - INFO - Successfully added page 87
2025-05-03 22:34:31,691 - INFO - Scraping page 88...
2025-05-03 22:34:34,366 - INFO - Successfully added page 88
2025-05-03 22:34:35,373 - INFO - Scraping page 89...
2025-05-03 22:34:38,487 - INFO - Successfully added page 89
2025-05-03 22:34:39,493 - INFO - Scraping page 90...
2025-05-03 22:34:42,452 - INFO - Successfully added page 90
2025-05-03 22:34:43,459 - INFO - Scraping page 91...
2025-05-03 22:34:46,308 - INFO - Successfully added page 91
2025-05-03 22:34:47,311 - INFO - Scraping page 92...
2025-05-03 22:34:52,376 - INFO - Successfully added page 92
2025-05-03 22:34:53,384 - INFO - Scraping page 93...
2025-05-03 22:34:55,849 - INFO - Successfully added page 93
2025-05-03 22:34:56,861 - INFO - Scraping page 94...
2025-05-03 22:34:59,342 - INFO - Successfully added page 94
2025-05-03 22:35:00,354 - INFO - Scraping page 95...
2025-05-03 22:35:03,153 - INFO - Successfully added page 95
2025-05-03 22:35:04,155 - INFO - Scraping page 96...
2025-05-03 22:35:07,946 - INFO - Successfully added page 96
2025-05-03 22:35:08,957 - INFO - Scraping page 97...
2025-05-03 22:35:11,926 - INFO - Successfully added page 97
2025-05-03 22:35:12,935 - INFO - Scraping page 98...
2025-05-03 22:35:15,190 - INFO - Successfully added page 98
2025-05-03 22:35:16,194 - INFO - Scraping page 99...
2025-05-03 22:35:18,860 - INFO - Successfully added page 99
2025-05-03 22:35:19,869 - INFO - Scraping page 100...
2025-05-03 22:35:22,770 - INFO - Successfully added page 100
2025-05-03 22:35:23,781 - INFO - Scraping page 101...
2025-05-03 22:35:26,575 - INFO - Successfully added page 101
2025-05-03 22:35:27,580 - INFO - Scraping page 102...
2025-05-03 22:35:30,705 - INFO - Successfully added page 102
2025-05-03 22:35:31,857 - INFO - Successfully saved 100 pages to scraped_html\scrapped_3_102.html
2025-05-03 22:35:31,857 - INFO - Starting chunk from page 103 to 103
2025-05-03 22:35:31,861 - INFO - Scraping page 103...
2025-05-03 22:35:34,641 - INFO - Successfully added page 103
2025-05-03 22:35:35,651 - INFO - Successfully saved 1 pages to scraped_html\scrapped_103_103.html
2025-05-03 22:35:37,755 - INFO - Scraping completed successfully
